CGTN,https://0472.org/hls/cgtn.m3u8
CGTN,http://english-livetx.cgtn.com/hls/yypdyyctzb_hd.m3u8
CGTN法语,http://espanol-liveali.cgtn.com/hls/LSveOGBaBw41Ea7ukkVAUdKQ220802LSTexu6xAuFH8VZNBLE1ZNEa220802cd.m3u8
CGTN西语,https://0472.org/hls/cgtnx.m3u8
CGTN阿语,https://0472.org/hls/cgtna.m3u8
中国交通,http://drive.mxmy.net:8888/udp/239.3.1.188:8001
熊猫直播,https://gcwbndali.v.myalicdn.com/gcwbnd/ipanda1000_2/index.m3u8
支持作者,https://vd2.bdstatic.com/mda-sctj0f96cn79js4n/1080p/cae_h264/1774710384405617311/mda-sctj0f96cn79js4n.mp4
人间卫视,https://5ddce30eb4b55.streamlock.net/bltvhd/bltv1/chunklist_w511254805.m3u8
人间卫视,http://61.216.67.119:1935/bltvhd/bltv1/chunklist_w1266569526.m3u
东方卫视4K,https://bp-resource-dfl.bestv.cn/148/3/video.m3u8
苏州4K,https://tylive.kan0512.com/norecord/csztv4k_4k.m3u8
CHC电影,http://183.237.95.108:9901/tsfile/live/1008_1.m3u8?key=txiptv&playlive=0&authid=0
人在囧途,https://vip.ffzy-play.com/20221018/1953_2d6ba500/index.m3u8
人在囧途之泰囧,https://vip.ffzy-play.com/20221018/1951_47e1adc8/index.m3u8
人在囧途之港囧,https://vip.ffzy-play7.com/20230112/11082_fde1a94d/index.m3u8
倚天屠龙记,https://live.metshop.top/huya/23734246
倩女幽魂人间道,http://jsmov2.a.yximgs.com/bs3/video-hls/5250634317044855747_hlsb.m3u8
倩女幽魂妖魔道,http://jsmov2.a.yximgs.com/bs3/video-hls/5232901391302199073_hlsb.m3u8
20250509 09:21:46,https://gitee.com/kabigo/tv/raw/master/assets/about1080p.mp4
蒙语卫视,https://livestream-bt.nmtv.cn/nmtv/2315general.m3u8?txSecret=4971666599ef9411629213c9a300bf66&txTime=771EF880
倩女幽魂道道道,http://jsmov2.a.yximgs.com/bs3/video-hls/5216294367991385255_hlsb.m3u8
关于本源(iptv365.org),https://gitlab.com/p2v5/wangtv/-/raw/main/about1080p.mp4
呼市新闻综合,https://livestream-bt.nmtv.cn/nmtv/2331general.m3u8?txSecret=4d7342ca5cd74480526ab6d292247aff&txTime=771E8800
刑事侦缉档案,https://live.metshop.top/huya/29465856
🔥低调,https://vd4.bdstatic.com/mda-qiidw79efmjs8aar/576p/h264/1726739405111265219/mda-qiidw79efmjs8aar.mp4
(请)(地)每日一首,https://cloud.video.taobao.com//play/u/57349687/p/1/e/6/t/1/240192067467.mp4
包头新闻综合,https://livestream-bt.nmtv.cn/nmtv/2358general.m3u8?txSecret=98390a77c143a68f0fd64bfe6e181dcb&txTime=771E8800
刘德华电影,https://live.metshop.top/huya/11342424
🔥使用,https://vd2.bdstatic.com/mda-pk1ccehgau3ywq8q/hd/cae_h264/1699059021606217448/mda-pk1ccehgau3ywq8q.mp4
(勿)(址)MovieMusic欣赏,https://lotus.stingray.com/manifest/cmusic-cme004-montreal/samsungtvplus/dee3e3af-2706-3e77-a952-91b99f6d1819/5711200/manifest.m3u8
鄂尔多斯新闻,https://livestream-bt.nmtv.cn/nmtv/2349general.m3u8?txSecret=e44477052aba305cadeea45aaf1c674a&txTime=771E8800
创世纪,https://live.metshop.top/huya/29465852
🔥严禁,https://vd2.bdstatic.com/mda-pdde6x4c56467djm/576p/h264/1681466528778166412/mda-pdde6x4c56467djm.mp4
(贩)(已)AMC音乐,https://AMChls.wns.live/hls/stream.m3u8
巴彦淖尔新闻,https://livestream-bt.nmtv.cn/nmtv/2348general.m3u8?txSecret=6a4ddce077e41b976fe33619fbef2b30&txTime=771E8800
功夫电影,https://live.metshop.top/huya/11352941
🔥贩卖,https://vd2.bdstatic.com/mda-pagk4ayy8huvuu5g/hd/cae_h264/1674004730256821197/mda-pagk4ayy8huvuu5g.mp4
(卖)(变)音乐欣赏,http://61.221.215.25:8800/hls/49/index.m3u8
赤峰新闻综合,https://livestream-bt.nmtv.cn/nmtv/2351general.m3u8?txSecret=8857087aeec2cec44d178a18550fdb8a&txTime=771E8800
古天乐电影,https://live.metshop.top/huya/29982675
🔥玩腻,https://vd2.bdstatic.com/mda-phpb3pnb5u88qh6e/576p/h264/1692863767878360172/mda-phpb3pnb5u88qh6e.mp4
